---
source: crates/q_cli/tests/init.rs
expression: init
---
BAY_SHELL="/bin/zsh"
SHOULD_BAYTERM_LAUNCH="0"
#!/usr/bin/env bash

mkdir -p "${HOME}/.local/bin" > /dev/null 2>&1

# add ~/.local/bin to PATH
if [[ -d "${HOME}/.local/bin" ]] && [[ ":$PATH:" != *":${HOME}/.local/bin:"* ]]; then
  PATH="${PATH:+"$PATH:"}${HOME}/.local/bin"
fi

if [[ -n "${BAY_NEW_SESSION:-}" ]]; then
  unset BAYTERM_SESSION_ID
  unset BAY_TERM
  unset BAY_NEW_SESSION
fi

if [[ -z "${BAY_SET_PARENT_CHECK:-}" ]]; then
  # Load parent from env variables
  if [[ -z "${BAY_PARENT:-}" && -n "${BAY_SET_PARENT:-}" ]]; then
    export BAY_PARENT="$BAY_SET_PARENT"
    unset -v BAY_SET_PARENT
  fi
  export BAY_SET_PARENT_CHECK=1
fi

# 0 = Yes, 1 = No, 2 = Fallback to BAY_TERM
if [ -z "${SHOULD_BAYTERM_LAUNCH:-}" ]; then
  bay _ should-figterm-launch 1>/dev/null 2>&1
  SHOULD_BAYTERM_LAUNCH=$?
fi

# Only launch figterm if current session is not already inside PTY and command exists.
# PWSH var is set when launched by `pwsh -Login`, in which case we don't want to init.
# It is not necessary in Fish.
if   [[ -t 1 ]] \
  && [[ -z "${PROCESS_LAUNCHED_BY_BAY:-}" ]] \
  && command -v bayterm 1>/dev/null 2>&1 \
  && [[ ("${SHOULD_BAYTERM_LAUNCH}" -eq 0) || (("${SHOULD_BAYTERM_LAUNCH}" -eq 2) && (-z "${BAY_TERM:-}" || (-z "${BAY_TERM_TMUX:-}" && -n "${TMUX:-}"))) ]]
then
  # Pty module sets BAY_TERM or BAY_TERM_TMUX to avoid running twice.
  if [ -z "${BAY_SHELL:-}" ]; then
    BAY_SHELL=$(bay _ get-shell)
  fi
  BAY_IS_LOGIN_SHELL="${BAY_IS_LOGIN_SHELL:='0'}"

  # shellcheck disable=SC2030
  if ([[ -n "${BASH:-}" ]] && shopt -q login_shell) \
    || [[ -n "${ZSH_NAME:-}" && -o login ]]; then
    BAY_IS_LOGIN_SHELL=1
  fi

  # Do not launch figterm in non-interactive shells (like VSCode Tasks)
  if [[ $- == *i* ]]; then
    BAY_TERM_NAME="$(basename "${BAY_SHELL}") (bayterm)"
    if [[ -z "${BAY_TERM_PATH:-}" ]]; then
      if [[ -x "${HOME}/.local/bin/${BAY_TERM_NAME}" ]]; then
        BAY_TERM_PATH="${HOME}/.local/bin/${BAY_TERM_NAME}"
      else
        BAY_TERM_PATH="$(command -v bayterm || echo "${HOME}/.local/bin/bayterm")"
      fi
    fi

    BAY_EXECUTION_STRING="${BASH_EXECUTION_STRING:=$ZSH_EXECUTION_STRING}"

    # Get initial text.
    INITIAL_TEXT=""
    # shellcheck disable=SC2031
    if [[ -z "${BASH:-}" || "${BASH_VERSINFO[0]}" -gt "3" ]]; then
      while read -rt 0; do
        if [[ -n "${BASH:-}" ]]; then
          read -r
        fi
        INITIAL_TEXT="${INITIAL_TEXT}${REPLY}\n"
      done
    fi
    BAY_EXECUTION_STRING="${BAY_EXECUTION_STRING}" BAY_START_TEXT="$(printf "%b" "${INITIAL_TEXT}")" BAY_SHELL="${BAY_SHELL}" BAY_IS_LOGIN_SHELL="${BAY_IS_LOGIN_SHELL}" exec -a "${BAY_TERM_NAME}" "${BAY_TERM_PATH}"
  fi
fi
